
TestMesh

GradientI() returning FieldFace<Scal>
> func=Linear
order [error]: min=-1.919 [ 1.996e-13]   max=-0.223 [ 3.993e-13]   mean=-0.998 [ 2.874e-13]
> func=Trilinear
order [error]: min=-3.017 [ 4.636e-14]   max= 1.224 [ 1.807e-13]   mean=-0.899 [ 1.339e-13]
> func=QuadraticBilinear
order [error]: min=-3.348 [ 1.749e-13]   max= 1.726 [ 8.577e-13]   mean=-0.838 [ 5.090e-13]
> func=Sine
order [error]: min= 1.910 [ 1.276e-05]   max= 2.082 [ 1.543e-05]   mean= 2.000 [ 1.245e-05]

Average() returning FieldCell<Scal> 
> func=Linear
order [error]: min=-2.170 [ 8.882e-17]   max= 2.807 [ 3.109e-16]   mean=-0.025 [ 2.870e-16]
> func=Trilinear
order [error]: min=  -inf [ 0.000e+00]   max= 3.170 [ 1.998e-16]   mean=  -inf [ 8.908e-17]
> func=QuadraticBilinear
order [error]: min= 1.978 [ 2.673e-07]   max= 1.999 [ 2.751e-07]   mean= 1.989 [ 2.712e-07]
> func=Sine
order [error]: min= 1.996 [ 3.570e-06]   max= 2.066 [ 3.924e-06]   mean= 2.034 [ 3.767e-06]

Laplace returning FieldCell<Scal> 
> func=Linear
order [error]: min=-3.402 [ 6.217e-10]   max=-0.531 [ 1.599e-09]   mean=-1.818 [ 1.228e-09]
> func=Trilinear
order [error]: min=-4.414 [ 1.333e-10]   max= 0.478 [ 8.660e-10]   mean=-1.877 [ 5.154e-10]
> func=QuadraticBilinear
order [error]: min=-4.007 [ 6.817e-10]   max= 1.159 [ 3.662e-09]   mean=-1.842 [ 1.896e-09]
> func=Sine
order [error]: min= 1.996 [ 7.896e-04]   max= 2.063 [ 8.658e-04]   mean= 2.033 [ 8.325e-04]

Average() returning FieldCell<Vect> 
> func=VectQuadraticBilinear
order [error]: min= 1.979 [ 2.711e-07]   max= 1.999 [ 2.789e-07]   mean= 1.989 [ 2.750e-07]
> func=VectSine
order [error]: min= 1.991 [ 4.405e-06]   max= 2.058 [ 4.808e-06]   mean= 2.032 [ 4.625e-06]

Laplace returning FieldCell<Vect> 
> func=VectQuadraticBilinear
order [error]: min=-3.330 [ 8.176e-10]   max= 0.198 [ 3.661e-09]   mean=-1.851 [ 1.941e-09]
> func=VectSine
order [error]: min= 1.990 [ 9.831e-04]   max= 2.059 [ 1.076e-03]   mean= 2.032 [ 1.034e-03]

ExplViscous returning FieldCell<Vect> 
> func=VectQuadraticBilinear
order [error]: min=-3.302 [ 2.375e-10]   max=-1.084 [ 6.136e-10]   mean=-2.256 [ 3.584e-10]
> func=VectSine
order [error]: min= 1.984 [ 2.087e-03]   max= 2.058 [ 2.202e-03]   mean= 2.025 [ 2.133e-03]

Laplace dump error field FieldScal<Scal>

TestEmbed

TestEmbed

eb.Interpolate() returning FieldEmbed<Scal> 
> func=Linear
>> regular faces between regular cells:
   order [error]: min=  -inf [ 0.000e+00]   max= 2.000 [ 1.776e-16]   mean=  -inf [ 1.586e-16]
>> regular faces near cut cell:
   order [error]: min= 1.000 [ 7.216e-07]   max= 1.000 [ 7.216e-07]   mean= 1.000 [ 4.421e-05]
>> cut faces:
   order [error]: min=-1.807 [ 8.882e-17]   max= 1.000 [ 1.160e-06]   mean= 0.994 [ 1.857e-04]
>> embed faces:
   order [error]: min=-0.008 [ 3.113e+00]   max=-0.003 [ 3.136e+00]   mean=-0.006 [ 3.125e+00]
> func=Trilinear
>> regular faces between regular cells:
   order [error]: min=  -inf [ 0.000e+00]   max= 2.807 [ 1.554e-16]   mean=  -inf [ 9.925e-17]
>> regular faces near cut cell:
   order [error]: min= 0.910 [ 4.577e-06]   max= 1.077 [ 1.955e-06]   mean= 0.989 [ 4.797e-05]
>> cut faces:
   order [error]: min= 0.908 [ 1.648e-05]   max= 1.082 [ 1.517e-05]   mean= 0.989 [ 2.016e-04]
>> embed faces:
   order [error]: min=-0.024 [ 1.117e+00]   max=-0.009 [ 1.142e+00]   mean=-0.017 [ 1.130e+00]
> func=QuadraticBilinear
>> regular faces between regular cells:
   order [error]: min= 1.983 [ 2.669e-07]   max= 1.995 [ 2.749e-07]   mean= 1.989 [ 2.712e-07]
>> regular faces near cut cell:
   order [error]: min= 0.877 [ 6.182e-06]   max= 1.117 [ 2.740e-06]   mean= 0.983 [ 1.999e-04]
>> cut faces:
   order [error]: min= 0.872 [ 7.556e-06]   max= 1.090 [ 1.009e-05]   mean= 0.984 [ 8.399e-04]
>> embed faces:
   order [error]: min=-0.033 [ 3.482e+00]   max=-0.012 [ 3.584e+00]   mean=-0.022 [ 3.533e+00]
> func=Sine
>> regular faces between regular cells:
   order [error]: min= 2.010 [ 3.745e-06]   max= 2.051 [ 3.745e-06]   mean= 2.030 [ 3.760e-06]
>> regular faces near cut cell:
   order [error]: min= 0.809 [ 1.119e-05]   max= 1.374 [ 7.553e-06]   mean= 1.045 [ 1.483e-04]
>> cut faces:
   order [error]: min= 0.913 [ 6.140e-04]   max= 1.157 [ 7.622e-04]   mean= 1.015 [ 6.754e-04]
>> embed faces:
   order [error]: min= 0.009 [ 2.650e-01]   max= 0.055 [ 2.786e-01]   mean= 0.034 [ 2.740e-01]

eb.GradientLimited() returning FieldEmbed<Scal>
> func=Linear
>> regular faces between regular cells:
   order [error]: min=-1.900 [ 2.441e-13]   max=-0.223 [ 3.993e-13]   mean=-1.027 [ 2.849e-13]
>> regular faces near cut cell:
   order [error]: min=-0.000 [ 1.173e-03]   max= 0.000 [ 1.443e-03]   mean=-0.000 [ 8.842e-02]
>> cut faces:
   order [error]: min=-0.000 [ 6.390e-03]   max= 0.000 [ 2.425e-03]   mean= 0.000 [ 1.752e-01]
>> embed faces:
   order [error]: min= 0.000 [ 1.489e+00]   max= 0.000 [ 1.489e+00]   mean= 0.000 [ 8.614e-01]
> func=Trilinear
>> regular faces between regular cells:
   order [error]: min=-2.989 [ 4.778e-14]   max= 0.942 [ 2.477e-13]   mean=-0.883 [ 1.360e-13]
>> regular faces near cut cell:
   order [error]: min=-0.090 [ 9.154e-03]   max= 0.077 [ 3.910e-03]   mean=-0.011 [ 9.593e-02]
>> cut faces:
   order [error]: min=-0.113 [ 1.809e-02]   max= 0.075 [ 2.103e-02]   mean=-0.011 [ 1.901e-01]
>> embed faces:
   order [error]: min=-0.109 [ 4.755e-02]   max= 0.070 [ 6.097e-02]   mean=-0.011 [ 9.344e-01]
> func=QuadraticBilinear
>> regular faces between regular cells:
   order [error]: min=-2.828 [ 2.288e-13]   max= 1.727 [ 8.586e-13]   mean=-0.802 [ 5.147e-13]
>> regular faces near cut cell:
   order [error]: min=-0.096 [ 1.280e-02]   max= 0.067 [ 1.571e-02]   mean=-0.016 [ 3.998e-01]
>> cut faces:
   order [error]: min=-0.105 [ 2.873e-02]   max= 0.064 [ 3.478e-02]   mean=-0.017 [ 7.921e-01]
>> embed faces:
   order [error]: min=-0.086 [ 2.169e-01]   max= 0.043 [ 2.589e-01]   mean=-0.017 [ 3.895e+00]
> func=Sine
>> regular faces between regular cells:
   order [error]: min= 1.934 [ 8.793e-06]   max= 2.060 [ 1.478e-05]   mean= 1.997 [ 1.243e-05]
>> regular faces near cut cell:
   order [error]: min=-0.083 [ 9.695e-01]   max= 0.139 [ 2.922e-01]   mean= 0.016 [ 2.961e-01]
>> cut faces:
   order [error]: min=-0.161 [ 3.381e-02]   max= 0.158 [ 4.013e-01]   mean= 0.015 [ 6.427e-01]
>> embed faces:
   order [error]: min=-0.090 [ 2.537e+00]   max= 0.151 [ 3.168e+00]   mean= 0.016 [ 3.085e+00]

eb.GradientGauss() returning FieldCell<Vect>
> func=Linear
>> regular cells:
   order [error]: min=-1.731 [ 1.862e-13]   max=-0.242 [ 3.994e-13]   mean=-0.944 [ 3.226e-13]
>> cut cells:
   order [error]: min=-2.278 [ 1.608e-13]   max= 0.924 [ 6.676e-12]   mean=-0.353 [ 2.975e+00]
> func=Trilinear
>> regular cells:
   order [error]: min=-2.038 [ 1.108e-13]   max= 0.068 [ 1.951e-13]   mean=-0.920 [ 1.490e-13]
>> cut cells:
   order [error]: min=-1.204 [ 7.757e-06]   max= 1.200 [ 1.883e-05]   mean= 0.371 [ 3.227e+00]
> func=QuadraticBilinear
>> regular cells:
   order [error]: min=-1.797 [ 4.516e-13]   max= 0.101 [ 7.052e-13]   mean=-0.837 [ 5.399e-13]
>> cut cells:
   order [error]: min=-1.214 [ 2.217e-05]   max= 1.320 [ 1.251e-04]   mean= 0.379 [ 1.345e+01]
> func=Sine
>> regular cells:
   order [error]: min= 1.977 [ 1.219e-05]   max= 2.012 [ 1.267e-05]   mean= 1.997 [ 1.243e-05]
>> cut cells:
   order [error]: min=-0.093 [ 2.986e-02]   max= 1.055 [ 1.346e-03]   mean= 0.633 [ 8.911e+00]

eb.GradientLinearFit() returning FieldCell<Vect>
> func=Linear
>> regular cells:
   order [error]: min=-1.731 [ 1.862e-13]   max=-0.242 [ 3.994e-13]   mean=-0.944 [ 3.226e-13]
>> cut cells:
   order [error]: min=-2.693 [ 2.546e-09]   max= 0.175 [ 7.198e-11]   mean=-1.002 [ 3.301e-07]
> func=Trilinear
>> regular cells:
   order [error]: min=-2.038 [ 1.108e-13]   max= 0.068 [ 1.951e-13]   mean=-0.920 [ 1.490e-13]
>> cut cells:
   order [error]: min=-1.779 [ 4.279e-06]   max= 1.072 [ 6.905e-06]   mean= 0.936 [ 6.134e-05]
> func=QuadraticBilinear
>> regular cells:
   order [error]: min=-1.797 [ 4.516e-13]   max= 0.101 [ 7.052e-13]   mean=-0.837 [ 5.399e-13]
>> cut cells:
   order [error]: min=-1.597 [ 1.912e-05]   max= 1.025 [ 5.033e-05]   mean= 0.937 [ 3.312e-04]
> func=Sine
>> regular cells:
   order [error]: min= 1.977 [ 1.219e-05]   max= 2.012 [ 1.267e-05]   mean= 1.997 [ 1.243e-05]
>> cut cells:
   order [error]: min= 0.887 [ 2.354e-05]   max= 1.296 [ 2.389e-05]   mean= 1.003 [ 3.341e-03]

eb.GradientGauss() returning FieldCell<Vect>
> func=Linear
>> regular cells:
   order [error]: min=-1.731 [ 1.862e-13]   max=-0.242 [ 3.994e-13]   mean=-0.944 [ 3.226e-13]
>> cut cells:
   order [error]: min=-2.278 [ 1.608e-13]   max= 0.924 [ 6.676e-12]   mean=-0.353 [ 2.975e+00]
> func=Trilinear
>> regular cells:
   order [error]: min=-2.038 [ 1.108e-13]   max= 0.068 [ 1.951e-13]   mean=-0.920 [ 1.490e-13]
>> cut cells:
   order [error]: min=-1.204 [ 7.757e-06]   max= 1.200 [ 1.883e-05]   mean= 0.371 [ 3.227e+00]
> func=QuadraticBilinear
>> regular cells:
   order [error]: min=-1.797 [ 4.516e-13]   max= 0.101 [ 7.052e-13]   mean=-0.837 [ 5.399e-13]
>> cut cells:
   order [error]: min=-1.214 [ 2.217e-05]   max= 1.320 [ 1.251e-04]   mean= 0.379 [ 1.345e+01]
> func=Sine
>> regular cells:
   order [error]: min= 1.977 [ 1.219e-05]   max= 2.012 [ 1.267e-05]   mean= 1.997 [ 1.243e-05]
>> cut cells:
   order [error]: min=-0.093 [ 2.986e-02]   max= 1.055 [ 1.346e-03]   mean= 0.633 [ 8.911e+00]

ExplViscous returning FieldCell<Vect> 
> func=VectQuadraticBilinear
>> regular cells:
   order [error]: min=-2.985 [ 3.145e-10]   max=-0.920 [ 7.626e+01]   mean=-1.936 [ 5.136e+05]
>> cut cells:
   order [error]: min=-2.051 [ 5.419e+06]   max=-1.996 [ 5.532e+06]   mean=-2.022 [ 9.844e+13]
> func=VectSine
>> regular cells:
   order [error]: min=-2.106 [ 9.134e+04]   max= 2.048 [ 2.162e-03]   mean=-0.035 [ 5.136e+04]
>> cut cells:
   order [error]: min=-2.117 [ 3.964e+07]   max=-1.857 [ 1.961e+07]   mean=-1.977 [ 1.044e+13]

TestEmbedUpwind

eb.InterpolateUpwind() sc=sou returning FieldEmbed<Scal>
> func=Linear
>> regular faces between regular cells:
   order [error]: min=  -inf [ 0.000e+00]   max= 2.070 [ 9.326e-16]   mean=  -inf [ 5.168e-16]
>> regular faces near cut cell:
   order [error]: min=-1.926 [ 2.220e-16]   max= 1.807 [ 6.217e-16]   mean=-0.016 [ 1.522e+00]
>> cut faces:
   order [error]: min=-0.027 [ 2.593e-02]   max= 0.035 [ 1.612e-02]   mean=-0.006 [ 1.603e+01]
>> embed faces:
   order [error]: min=-0.008 [ 3.113e+00]   max=-0.003 [ 3.136e+00]   mean=-0.006 [ 3.125e+00]
> func=Trilinear
>> regular faces between regular cells:
   order [error]: min=-3.807 [ 2.220e-17]   max= 2.415 [ 3.553e-16]   mean=-0.070 [ 2.079e-16]
>> regular faces near cut cell:
   order [error]: min=-1.585 [ 8.882e-17]   max= 2.222 [ 3.109e-16]   mean=-0.065 [ 5.503e-01]
>> cut faces:
   order [error]: min=-0.084 [ 8.811e-03]   max= 0.097 [ 6.480e-03]   mean=-0.017 [ 5.796e+00]
>> embed faces:
   order [error]: min=-0.024 [ 1.117e+00]   max=-0.009 [ 1.142e+00]   mean=-0.017 [ 1.130e+00]
> func=QuadraticBilinear
>> regular faces between regular cells:
   order [error]: min= 1.983 [ 8.006e-07]   max= 1.995 [ 8.246e-07]   mean= 1.989 [ 8.135e-07]
>> regular faces near cut cell:
   order [error]: min=-0.033 [ 1.558e+00]   max= 1.994 [ 8.131e-07]   mean= 0.939 [ 1.721e+00]
>> cut faces:
   order [error]: min=-0.114 [ 2.668e-02]   max= 0.123 [ 2.128e-02]   mean=-0.022 [ 1.813e+01]
>> embed faces:
   order [error]: min=-0.033 [ 3.482e+00]   max=-0.012 [ 3.584e+00]   mean=-0.022 [ 3.533e+00]
> func=Sine
>> regular faces between regular cells:
   order [error]: min= 2.011 [ 1.127e-05]   max= 2.051 [ 1.131e-05]   mean= 2.030 [ 1.128e-05]
>> regular faces near cut cell:
   order [error]: min= 0.009 [ 5.674e-01]   max= 2.051 [ 1.124e-05]   mean= 0.988 [ 1.333e-01]
>> cut faces:
   order [error]: min= 0.003 [ 1.577e-02]   max= 0.657 [ 2.222e-03]   mean= 0.036 [ 1.405e+00]
>> embed faces:
   order [error]: min= 0.009 [ 2.650e-01]   max= 0.055 [ 2.786e-01]   mean= 0.034 [ 2.740e-01]

eb.InterpolateUpwind() sc=quick returning FieldEmbed<Scal>
> func=Linear
>> regular faces between regular cells:
   order [error]: min=  -inf [ 0.000e+00]   max= 3.170 [ 3.997e-16]   mean=  -inf [ 2.635e-16]
>> regular faces near cut cell:
   order [error]: min=-2.322 [ 4.441e-17]   max= 2.322 [ 2.220e-16]   mean=-0.080 [ 3.805e-01]
>> cut faces:
   order [error]: min=-0.027 [ 6.482e-03]   max= 0.035 [ 4.031e-03]   mean=-0.006 [ 4.008e+00]
>> embed faces:
   order [error]: min=-0.008 [ 3.113e+00]   max=-0.003 [ 3.136e+00]   mean=-0.006 [ 3.125e+00]
> func=Trilinear
>> regular faces between regular cells:
   order [error]: min=  -inf [ 0.000e+00]   max= 2.807 [ 1.554e-16]   mean=  -inf [ 1.153e-16]
>> regular faces near cut cell:
   order [error]: min=  -inf [ 0.000e+00]   max= 2.000 [ 8.882e-17]   mean=  -inf [ 1.376e-01]
>> cut faces:
   order [error]: min=-0.084 [ 2.203e-03]   max= 0.097 [ 1.620e-03]   mean=-0.017 [ 1.449e+00]
>> embed faces:
   order [error]: min=-0.024 [ 1.117e+00]   max=-0.009 [ 1.142e+00]   mean=-0.017 [ 1.130e+00]
> func=QuadraticBilinear
>> regular faces between regular cells:
   order [error]: min=-3.459 [ 4.441e-17]   max= 3.322 [ 4.441e-16]   mean=-0.265 [ 4.233e-16]
>> regular faces near cut cell:
   order [error]: min=-3.459 [ 4.441e-17]   max= 1.737 [ 4.441e-16]   mean=-0.099 [ 4.303e-01]
>> cut faces:
   order [error]: min=-0.114 [ 6.670e-03]   max= 0.123 [ 5.320e-03]   mean=-0.022 [ 4.532e+00]
>> embed faces:
   order [error]: min=-0.033 [ 3.482e+00]   max=-0.012 [ 3.584e+00]   mean=-0.022 [ 3.533e+00]
> func=Sine
>> regular faces between regular cells:
   order [error]: min= 2.933 [ 1.316e-08]   max= 3.061 [ 2.220e-08]   mean= 2.997 [ 1.865e-08]
>> regular faces near cut cell:
   order [error]: min= 0.009 [ 1.418e-01]   max= 3.061 [ 2.222e-08]   mean= 1.450 [ 3.333e-02]
>> cut faces:
   order [error]: min= 0.005 [ 4.827e-03]   max= 0.651 [ 5.524e-04]   mean= 0.036 [ 3.513e-01]
>> embed faces:
   order [error]: min= 0.009 [ 2.650e-01]   max= 0.055 [ 2.786e-01]   mean= 0.034 [ 2.740e-01]
dump to eb.vtk
